Block start = 0 → sim_id = 0011 task = 11 
sim_id = 0011 - task = 11 - scenario = ac0.7_frag0.5_hab0.15 - rep = 1 - ac = 0.7 frag = 0.5 
step 1 took 3.08 with 6119 agents
step 2 took 4.09 with 7507 agents
step 3 took 4.81 with 9318 agents
step 4 took 6.8 with 11533 agents
step 5 took 9.33 with 14219 agents
step 6 took 11.85 with 17655 agents
step 7 took 16.99 with 21668 agents
step 8 took 23.92 with 26359 agents
step 9 took 33.96 with 31759 agents
step 10 took 45.16 with 37747 agents
step 11 took 1.01 with 44755 agents
step 12 took 1.42 with 53062 agents
step 13 took 2 with 62151 agents
step 14 took 2.58 with 71903 agents
step 15 took 3.3 with 80748 agents
step 16 took 3.95 with 87125 agents
step 17 took 4.34 with 90674 agents
step 18 took 3.57 with 92434 agents
step 19 took 3.69 with 93303 agents
step 20 took 3.65 with 93297 agents
step 21 took 3.73 with 93487 agents
step 22 took 3.69 with 93725 agents
step 23 took 3.66 with 93762 agents
step 24 took 3.66 with 93439 agents
step 25 took 3.67 with 93672 agents
step 26 took 3.65 with 93347 agents
step 27 took 3.75 with 93955 agents
step 28 took 3.74 with 93607 agents
step 29 took 3.71 with 93799 agents
step 30 took 3.68 with 93745 agents
step 31 took 3.7 with 93683 agents
step 32 took 3.72 with 93411 agents
step 33 took 3.72 with 93674 agents
step 34 took 3.74 with 93711 agents
step 35 took 3.65 with 93467 agents
step 36 took 3.65 with 93736 agents
step 37 took 3.74 with 93601 agents
step 38 took 3.76 with 93602 agents
step 39 took 3.75 with 93749 agents
step 40 took 3.83 with 93675 agents
[1] "FRAGMENTATION"
step 41 took 7.64 with 13835 agents
step 42 took 7.56 with 13654 agents
step 43 took 7.45 with 13596 agents
step 44 took 7.44 with 13415 agents
step 45 took 7.26 with 13375 agents
step 46 took 7.38 with 13246 agents
step 47 took 7.38 with 13292 agents
step 48 took 7.35 with 13208 agents
step 49 took 7.35 with 13208 agents
step 50 took 7.33 with 13169 agents
step 51 took 7.29 with 13131 agents
step 52 took 7.4 with 13167 agents
step 53 took 6.95 with 13119 agents
step 54 took 7.14 with 13057 agents
step 55 took 7.07 with 12976 agents
step 56 took 7.19 with 12990 agents
step 57 took 7.12 with 13035 agents
step 58 took 7.16 with 12957 agents
step 59 took 7.18 with 12972 agents
step 60 took 7.28 with 13012 agents
step 61 took 6.93 with 12973 agents
step 62 took 7.04 with 13024 agents
step 63 took 7.05 with 12923 agents
step 64 took 7.1 with 12927 agents
step 65 took 7.11 with 13022 agents
step 66 took 6.96 with 12922 agents
step 67 took 7.29 with 12894 agents
step 68 took 7.1 with 12893 agents
step 69 took 6.92 with 12861 agents
step 70 took 7.14 with 12850 agents
step 71 took 7.11 with 12821 agents
step 72 took 7.09 with 12857 agents
step 73 took 7.17 with 12905 agents
step 74 took 7.17 with 12893 agents
step 75 took 7.2 with 13020 agents
step 76 took 7.19 with 13017 agents
step 77 took 6.82 with 12875 agents
step 78 took 7 with 12902 agents
step 79 took 6.89 with 12830 agents
step 80 took 6.91 with 12769 agents
step 81 took 6.94 with 12725 agents
step 82 took 6.99 with 12777 agents
step 83 took 6.68 with 12869 agents
step 84 took 6.52 with 12827 agents
step 85 took 6.9 with 12735 agents
step 86 took 6.94 with 12684 agents
step 87 took 6.91 with 12735 agents
step 88 took 6.92 with 12810 agents
step 89 took 7.08 with 12816 agents
step 90 took 6.85 with 12784 agents
step 91 took 7.05 with 12845 agents
step 92 took 6.94 with 12941 agents
step 93 took 6.66 with 12811 agents
step 94 took 6.85 with 12730 agents
step 95 took 6.63 with 12840 agents
step 96 took 6.96 with 12806 agents
step 97 took 6.75 with 12759 agents
step 98 took 6.79 with 12774 agents
step 99 took 6.66 with 12832 agents
step 100 took 6.83 with 12842 agents
[1] FALSE
✓ 0011 

