Block start = 0 → sim_id = 0004 task = 4 
sim_id = 0004 - task = 4 - scenario = ac0.3_frag0.2_hab0.15 - rep = 1 - ac = 0.3 frag = 0.2 
step 1 took 2.66 with 5017 agents
step 2 took 2.66 with 5320 agents
step 3 took 2.65 with 5728 agents
step 4 took 3.12 with 6220 agents
step 5 took 3.2 with 6749 agents
step 6 took 3.88 with 7353 agents
step 7 took 3.92 with 8020 agents
step 8 took 4.63 with 8898 agents
step 9 took 5.27 with 9867 agents
step 10 took 6.01 with 10996 agents
step 11 took 6.52 with 12258 agents
step 12 took 7.89 with 13806 agents
step 13 took 8.98 with 15677 agents
step 14 took 10.92 with 17736 agents
step 15 took 13.38 with 20180 agents
step 16 took 16.68 with 23096 agents
step 17 took 21.26 with 26439 agents
step 18 took 27.07 with 30274 agents
step 19 took 32.99 with 34778 agents
step 20 took 43.24 with 39665 agents
step 21 took 54.26 with 45258 agents
step 22 took 1.18 with 51259 agents
step 23 took 1.47 with 57492 agents
step 24 took 1.83 with 63890 agents
step 25 took 2.21 with 69855 agents
step 26 took 2.59 with 74834 agents
step 27 took 2.81 with 78336 agents
step 28 took 2.99 with 81031 agents
step 29 took 3.19 with 83113 agents
step 30 took 2.74 with 84565 agents
step 31 took 2.82 with 85666 agents
step 32 took 2.85 with 86432 agents
step 33 took 2.96 with 86849 agents
step 34 took 2.88 with 87270 agents
step 35 took 2.93 with 87957 agents
step 36 took 2.97 with 88111 agents
step 37 took 2.94 with 88162 agents
step 38 took 3 with 88418 agents
step 39 took 2.76 with 88408 agents
step 40 took 2.95 with 88252 agents
[1] "FRAGMENTATION"
step 41 took 6.76 with 13072 agents
step 42 took 6.65 with 13068 agents
step 43 took 6.61 with 12784 agents
step 44 took 6.45 with 12749 agents
step 45 took 6.48 with 12639 agents
step 46 took 6.37 with 12703 agents
step 47 took 6.56 with 12642 agents
step 48 took 6.36 with 12643 agents
step 49 took 6.38 with 12571 agents
step 50 took 6.35 with 12613 agents
step 51 took 6.24 with 12574 agents
step 52 took 6.38 with 12591 agents
step 53 took 6.17 with 12552 agents
step 54 took 6.3 with 12584 agents
step 55 took 6.38 with 12600 agents
step 56 took 6.29 with 12596 agents
step 57 took 6.36 with 12534 agents
step 58 took 6.15 with 12482 agents
step 59 took 6.35 with 12432 agents
step 60 took 6.25 with 12451 agents
step 61 took 6.25 with 12533 agents
step 62 took 6.33 with 12464 agents
step 63 took 6.16 with 12480 agents
step 64 took 6.34 with 12515 agents
step 65 took 6.41 with 12442 agents
step 66 took 6.35 with 12437 agents
step 67 took 6.28 with 12437 agents
step 68 took 6 with 12353 agents
step 69 took 6.19 with 12269 agents
step 70 took 6.24 with 12447 agents
step 71 took 6.02 with 12366 agents
step 72 took 5.93 with 12388 agents
step 73 took 6.02 with 12315 agents
step 74 took 6.08 with 12378 agents
step 75 took 6.2 with 12239 agents
step 76 took 6.14 with 12331 agents
step 77 took 5.91 with 12361 agents
step 78 took 6.1 with 12396 agents
step 79 took 6.16 with 12394 agents
step 80 took 6.17 with 12363 agents
step 81 took 5.94 with 12307 agents
step 82 took 6.06 with 12415 agents
step 83 took 6.12 with 12411 agents
step 84 took 6.19 with 12494 agents
step 85 took 6.25 with 12409 agents
step 86 took 5.92 with 12413 agents
step 87 took 6.09 with 12393 agents
step 88 took 5.88 with 12410 agents
step 89 took 6.36 with 12442 agents
step 90 took 6.54 with 12406 agents
step 91 took 6.06 with 12373 agents
step 92 took 6.26 with 12310 agents
step 93 took 6.37 with 12383 agents
step 94 took 6.36 with 12257 agents
step 95 took 6.14 with 12196 agents
step 96 took 6.17 with 12174 agents
step 97 took 6.21 with 12117 agents
step 98 took 6.33 with 12252 agents
step 99 took 6.08 with 12241 agents
step 100 took 6.3 with 12249 agents
[1] FALSE
✓ 0004 

