Block start = 0 → sim_id = 0003 task = 3 
sim_id = 0003 - task = 3 - scenario = ac0.1_frag0.8_hab0.15 - rep = 1 - ac = 0.1 frag = 0.8 
step 1 took 2.63 with 4907 agents
step 2 took 2.52 with 5045 agents
step 3 took 2.36 with 5225 agents
step 4 took 2.79 with 5398 agents
step 5 took 2.62 with 5699 agents
step 6 took 2.91 with 6147 agents
step 7 took 3.36 with 6594 agents
step 8 took 3.35 with 7136 agents
step 9 took 3.99 with 7814 agents
step 10 took 4.26 with 8620 agents
step 11 took 4.93 with 9451 agents
step 12 took 5.46 with 10460 agents
step 13 took 6.7 with 11623 agents
step 14 took 7.5 with 13059 agents
step 15 took 8.62 with 14729 agents
step 16 took 10.25 with 16721 agents
step 17 took 12.29 with 19047 agents
step 18 took 15.27 with 21760 agents
step 19 took 19.26 with 24967 agents
step 20 took 24.87 with 28552 agents
step 21 took 30.14 with 32809 agents
step 22 took 38.98 with 37415 agents
step 23 took 48.44 with 42299 agents
step 24 took 1.01 with 47537 agents
step 25 took 1.27 with 53066 agents
step 26 took 1.51 with 58349 agents
step 27 took 1.78 with 63423 agents
step 28 took 2.08 with 67715 agents
step 29 took 2.38 with 71151 agents
step 30 took 2.48 with 73520 agents
step 31 took 2.62 with 75329 agents
step 32 took 2.7 with 76746 agents
step 33 took 2.84 with 78221 agents
step 34 took 2.92 with 78919 agents
step 35 took 2.97 with 79408 agents
step 36 took 3.02 with 79638 agents
step 37 took 2.98 with 80547 agents
step 38 took 3.05 with 80374 agents
step 39 took 3.07 with 80924 agents
step 40 took 3.11 with 81009 agents
[1] "FRAGMENTATION"
step 41 took 6 with 11771 agents
step 42 took 5.39 with 10930 agents
step 43 took 5.03 with 10198 agents
step 44 took 4.33 with 9641 agents
step 45 took 4.23 with 9024 agents
step 46 took 3.68 with 8544 agents
step 47 took 3.6 with 8042 agents
step 48 took 3.18 with 7663 agents
step 49 took 3.18 with 7183 agents
step 50 took 2.73 with 6916 agents
step 51 took 2.7 with 6666 agents
step 52 took 2.77 with 6411 agents
step 53 took 2.37 with 6203 agents
step 54 took 2.27 with 5832 agents
step 55 took 2.16 with 5665 agents
step 56 took 2.29 with 5475 agents
step 57 took 1.97 with 5285 agents
step 58 took 1.86 with 5047 agents
step 59 took 1.69 with 4793 agents
step 60 took 1.67 with 4630 agents
step 61 took 1.67 with 4485 agents
step 62 took 1.8 with 4349 agents
step 63 took 1.52 with 4199 agents
step 64 took 1.51 with 4051 agents
step 65 took 1.46 with 3881 agents
step 66 took 1.4 with 3749 agents
step 67 took 1.33 with 3589 agents
step 68 took 1.3 with 3504 agents
step 69 took 1.31 with 3478 agents
step 70 took 1.53 with 3399 agents
step 71 took 1.22 with 3367 agents
step 72 took 1.19 with 3339 agents
step 73 took 1.16 with 3280 agents
step 74 took 1.16 with 3187 agents
step 75 took 1.16 with 3154 agents
step 76 took 1.16 with 3100 agents
step 77 took 1.11 with 3054 agents
step 78 took 1.06 with 2939 agents
step 79 took 1.05 with 2857 agents
step 80 took 1 with 2818 agents
step 81 took 1.07 with 2804 agents
step 82 took 0.95 with 2779 agents
step 83 took 1.21 with 2733 agents
step 84 took 0.95 with 2652 agents
step 85 took 0.93 with 2609 agents
step 86 took 0.91 with 2611 agents
step 87 took 0.93 with 2616 agents
step 88 took 0.92 with 2585 agents
step 89 took 0.9 with 2566 agents
step 90 took 0.88 with 2505 agents
step 91 took 0.86 with 2423 agents
step 92 took 0.88 with 2341 agents
step 93 took 0.84 with 2242 agents
step 94 took 0.78 with 2217 agents
step 95 took 0.78 with 2176 agents
step 96 took 0.77 with 2151 agents
step 97 took 0.75 with 2128 agents
step 98 took 0.77 with 2108 agents
step 99 took 0.75 with 2043 agents
step 100 took 0.73 with 2021 agents
[1] FALSE
✓ 0003 

