Block start = 0 → sim_id = 0001 task = 1 
sim_id = 0001 - task = 1 - scenario = ac0.1_frag0.2_hab0.15 - rep = 1 - ac = 0.1 frag = 0.2 
step 1 took 2.13 with 4968 agents
step 2 took 1.95 with 5090 agents
step 3 took 2 with 5246 agents
step 4 took 2.28 with 5378 agents
step 5 took 2.09 with 5579 agents
step 6 took 2.25 with 5861 agents
step 7 took 2.65 with 6263 agents
step 8 took 2.62 with 6634 agents
step 9 took 3.04 with 7061 agents
step 10 took 3.01 with 7690 agents
step 11 took 3.79 with 8431 agents
step 12 took 4.26 with 9181 agents
step 13 took 4.81 with 10111 agents
step 14 took 5.43 with 11102 agents
step 15 took 6.26 with 12182 agents
step 16 took 7.16 with 13543 agents
step 17 took 8.1 with 15003 agents
step 18 took 8.84 with 16652 agents
step 19 took 10.29 with 18618 agents
step 20 took 12.81 with 20985 agents
step 21 took 16.19 with 23733 agents
step 22 took 19.54 with 26648 agents
step 23 took 23.79 with 30137 agents
step 24 took 29.88 with 34072 agents
step 25 took 36.31 with 38398 agents
step 26 took 44.91 with 43368 agents
step 27 took 57.12 with 48571 agents
step 28 took 1.16 with 53496 agents
step 29 took 1.36 with 57944 agents
step 30 took 1.57 with 62165 agents
step 31 took 1.75 with 65301 agents
step 32 took 1.93 with 68278 agents
step 33 took 2.1 with 70378 agents
step 34 took 2.21 with 72737 agents
step 35 took 2.31 with 74044 agents
step 36 took 2.37 with 75169 agents
step 37 took 2.32 with 76129 agents
step 38 took 1.97 with 76450 agents
step 39 took 1.99 with 77069 agents
step 40 took 2 with 77364 agents
[1] "FRAGMENTATION"
step 41 took 5.14 with 11615 agents
step 42 took 4.87 with 11512 agents
step 43 took 5.03 with 11489 agents
step 44 took 5.03 with 11521 agents
step 45 took 4.84 with 11493 agents
step 46 took 4.96 with 11367 agents
step 47 took 4.95 with 11326 agents
step 48 took 4.64 with 11442 agents
step 49 took 4.8 with 11395 agents
step 50 took 4.81 with 11319 agents
step 51 took 4.62 with 11297 agents
step 52 took 4.71 with 11377 agents
step 53 took 4.89 with 11393 agents
step 54 took 4.79 with 11327 agents
step 55 took 4.89 with 11340 agents
step 56 took 4.97 with 11351 agents
step 57 took 4.68 with 11318 agents
step 58 took 4.92 with 11413 agents
step 59 took 4.96 with 11326 agents
step 60 took 4.71 with 11461 agents
step 61 took 4.95 with 11529 agents
step 62 took 4.97 with 11557 agents
step 63 took 4.71 with 11521 agents
step 64 took 4.83 with 11507 agents
step 65 took 4.82 with 11444 agents
step 66 took 4.72 with 11265 agents
step 67 took 4.91 with 11252 agents
step 68 took 4.72 with 11261 agents
step 69 took 4.83 with 11313 agents
step 70 took 4.92 with 11359 agents
step 71 took 4.78 with 11322 agents
step 72 took 4.94 with 11309 agents
step 73 took 4.83 with 11363 agents
step 74 took 4.66 with 11382 agents
step 75 took 4.79 with 11387 agents
step 76 took 4.85 with 11481 agents
step 77 took 4.64 with 11478 agents
step 78 took 4.95 with 11421 agents
step 79 took 4.96 with 11448 agents
step 80 took 4.74 with 11319 agents
step 81 took 4.84 with 11230 agents
step 82 took 4.97 with 11415 agents
step 83 took 4.73 with 11451 agents
step 84 took 4.9 with 11438 agents
step 85 took 4.91 with 11432 agents
step 86 took 4.64 with 11385 agents
step 87 took 4.82 with 11389 agents
step 88 took 4.82 with 11421 agents
step 89 took 4.55 with 11389 agents
step 90 took 4.94 with 11359 agents
step 91 took 4.74 with 11449 agents
step 92 took 4.94 with 11567 agents
step 93 took 4.92 with 11414 agents
step 94 took 4.77 with 11489 agents
step 95 took 5.03 with 11601 agents
step 96 took 5.04 with 11384 agents
step 97 took 4.69 with 11398 agents
step 98 took 4.76 with 11394 agents
step 99 took 4.81 with 11355 agents
step 100 took 4.6 with 11493 agents
[1] FALSE
✓ 0001 

