Block start = 0 → sim_id = 0006 task = 6 
sim_id = 0006 - task = 6 - scenario = ac0.3_frag0.8_hab0.15 - rep = 1 - ac = 0.3 frag = 0.8 
step 1 took 2.39 with 5059 agents
step 2 took 2.43 with 5490 agents
step 3 took 2.64 with 5883 agents
step 4 took 3.32 with 6404 agents
step 5 took 3.39 with 7021 agents
step 6 took 4 with 7706 agents
step 7 took 4.77 with 8658 agents
step 8 took 5.38 with 9648 agents
step 9 took 5.55 with 10864 agents
step 10 took 7.03 with 12198 agents
step 11 took 8.2 with 13858 agents
step 12 took 10.2 with 15782 agents
step 13 took 12.34 with 18021 agents
step 14 took 15.11 with 20638 agents
step 15 took 18.06 with 23750 agents
step 16 took 23.4 with 27419 agents
step 17 took 30.91 with 31751 agents
step 18 took 41.09 with 36772 agents
step 19 took 53.65 with 42486 agents
step 20 took 1.13 with 49049 agents
step 21 took 1.51 with 56389 agents
step 22 took 1.97 with 63647 agents
step 23 took 2.47 with 70159 agents
step 24 took 2.9 with 76125 agents
step 25 took 3.34 with 80587 agents
step 26 took 3.57 with 83601 agents
step 27 took 3.09 with 85518 agents
step 28 took 3.18 with 87071 agents
step 29 took 3.3 with 87719 agents
step 30 took 3.35 with 88370 agents
step 31 took 3.32 with 88596 agents
step 32 took 3.4 with 88869 agents
step 33 took 3.39 with 89362 agents
step 34 took 3.43 with 89572 agents
step 35 took 3.38 with 89638 agents
step 36 took 3.43 with 89533 agents
step 37 took 3.37 with 89958 agents
step 38 took 3.4 with 89699 agents
step 39 took 3.41 with 89891 agents
step 40 took 3.39 with 90114 agents
[1] "FRAGMENTATION"
step 41 took 6.38 with 12591 agents
step 42 took 5.9 with 11800 agents
step 43 took 5.5 with 11126 agents
step 44 took 4.91 with 10473 agents
step 45 took 4.58 with 9857 agents
step 46 took 4.24 with 9423 agents
step 47 took 4.1 with 8975 agents
step 48 took 3.66 with 8620 agents
step 49 took 3.53 with 8220 agents
step 50 took 3.62 with 7773 agents
step 51 took 3.1 with 7547 agents
step 52 took 2.93 with 7289 agents
step 53 took 2.85 with 7038 agents
step 54 took 3.04 with 6705 agents
step 55 took 2.61 with 6409 agents
step 56 took 2.38 with 6174 agents
step 57 took 2.32 with 5956 agents
step 58 took 2.36 with 5742 agents
step 59 took 2.11 with 5494 agents
step 60 took 2.31 with 5265 agents
step 61 took 1.89 with 5069 agents
step 62 took 1.86 with 4926 agents
step 63 took 1.8 with 4798 agents
step 64 took 1.71 with 4668 agents
step 65 took 1.71 with 4610 agents
step 66 took 1.68 with 4433 agents
step 67 took 1.59 with 4312 agents
step 68 took 1.81 with 4191 agents
step 69 took 1.41 with 4129 agents
step 70 took 1.54 with 4030 agents
step 71 took 1.38 with 3958 agents
step 72 took 1.42 with 3820 agents
step 73 took 1.39 with 3743 agents
step 74 took 1.25 with 3633 agents
step 75 took 1.34 with 3578 agents
step 76 took 1.27 with 3533 agents
step 77 took 1.21 with 3501 agents
step 78 took 1.29 with 3491 agents
step 79 took 1.25 with 3459 agents
step 80 took 1.18 with 3423 agents
step 81 took 1.6 with 3402 agents
step 82 took 1.11 with 3356 agents
step 83 took 1.11 with 3342 agents
step 84 took 1.25 with 3304 agents
step 85 took 1.11 with 3313 agents
step 86 took 1.1 with 3276 agents
step 87 took 1.2 with 3275 agents
step 88 took 1.16 with 3256 agents
step 89 took 1.1 with 3201 agents
step 90 took 1.15 with 3205 agents
step 91 took 1.19 with 3157 agents
step 92 took 1.06 with 3140 agents
step 93 took 1.13 with 3117 agents
step 94 took 1.17 with 3054 agents
step 95 took 1.05 with 3043 agents
step 96 took 1.07 with 3011 agents
step 97 took 1.4 with 2975 agents
step 98 took 0.95 with 2998 agents
step 99 took 0.96 with 2946 agents
step 100 took 1.02 with 2987 agents
[1] FALSE
✓ 0006 

