Block start = 0 → sim_id = 0014 task = 14 
sim_id = 0014 - task = 14 - scenario = ac0.9_frag0.5_hab0.15 - rep = 1 - ac = 0.9 frag = 0.5 
step 1 took 2.49 with 6290 agents
step 2 took 3.21 with 7841 agents
step 3 took 4.14 with 9593 agents
step 4 took 4.95 with 11963 agents
step 5 took 7.01 with 14877 agents
step 6 took 9.61 with 18540 agents
step 7 took 13.58 with 23036 agents
step 8 took 19.92 with 28694 agents
step 9 took 28.72 with 35731 agents
step 10 took 41.21 with 43832 agents
step 11 took 1 with 52804 agents
step 12 took 1.4 with 62115 agents
step 13 took 1.84 with 71063 agents
step 14 took 2.36 with 78673 agents
step 15 took 2.79 with 84118 agents
step 16 took 3.21 with 88191 agents
step 17 took 3.44 with 90363 agents
step 18 took 3.56 with 91781 agents
step 19 took 2.9 with 92754 agents
step 20 took 2.93 with 92942 agents
step 21 took 2.93 with 93308 agents
step 22 took 2.92 with 93668 agents
step 23 took 2.94 with 93701 agents
step 24 took 2.88 with 93923 agents
step 25 took 2.94 with 93876 agents
step 26 took 2.95 with 93588 agents
step 27 took 2.89 with 93660 agents
step 28 took 2.95 with 93678 agents
step 29 took 2.93 with 93577 agents
step 30 took 2.92 with 93347 agents
step 31 took 2.9 with 93499 agents
step 32 took 2.88 with 93856 agents
step 33 took 2.94 with 93547 agents
step 34 took 2.95 with 93585 agents
step 35 took 2.95 with 93415 agents
step 36 took 2.96 with 93741 agents
step 37 took 2.82 with 93543 agents
step 38 took 2.83 with 93550 agents
step 39 took 2.85 with 93427 agents
step 40 took 2.78 with 93581 agents
[1] "FRAGMENTATION"
step 41 took 6.05 with 13769 agents
step 42 took 5.94 with 13572 agents
step 43 took 5.9 with 13671 agents
step 44 took 5.9 with 13561 agents
step 45 took 5.86 with 13448 agents
step 46 took 5.62 with 13299 agents
step 47 took 5.7 with 13373 agents
step 48 took 5.76 with 13319 agents
step 49 took 5.75 with 13384 agents
step 50 took 5.67 with 13264 agents
step 51 took 5.73 with 13254 agents
step 52 took 5.67 with 13243 agents
step 53 took 5.66 with 13192 agents
step 54 took 5.71 with 13194 agents
step 55 took 5.63 with 13083 agents
step 56 took 5.66 with 13129 agents
step 57 took 5.6 with 13047 agents
step 58 took 5.42 with 13124 agents
step 59 took 5.52 with 13006 agents
step 60 took 5.5 with 13027 agents
step 61 took 5.51 with 12964 agents
step 62 took 5.58 with 13078 agents
step 63 took 5.57 with 13047 agents
step 64 took 5.65 with 13135 agents
step 65 took 5.61 with 13049 agents
step 66 took 5.66 with 12988 agents
step 67 took 5.37 with 13015 agents
step 68 took 5.53 with 12958 agents
step 69 took 5.51 with 12991 agents
step 70 took 5.52 with 12957 agents
step 71 took 5.58 with 12978 agents
step 72 took 5.57 with 12870 agents
step 73 took 5.51 with 12873 agents
step 74 took 5.26 with 12777 agents
step 75 took 5.42 with 12839 agents
step 76 took 5.46 with 12821 agents
step 77 took 5.49 with 12856 agents
step 78 took 5.45 with 12910 agents
step 79 took 5.42 with 12752 agents
step 80 took 5.43 with 12912 agents
step 81 took 5.29 with 12970 agents
step 82 took 5.47 with 12904 agents
step 83 took 5.47 with 12828 agents
step 84 took 5.44 with 12889 agents
step 85 took 5.48 with 12849 agents
step 86 took 5.5 with 12803 agents
step 87 took 5.54 with 12840 agents
step 88 took 5.28 with 12795 agents
step 89 took 5.46 with 12871 agents
step 90 took 5.39 with 12809 agents
step 91 took 5.44 with 12823 agents
step 92 took 5.51 with 12836 agents
step 93 took 5.51 with 12846 agents
step 94 took 5.47 with 12777 agents
step 95 took 5.26 with 12822 agents
step 96 took 5.43 with 12939 agents
step 97 took 5.46 with 13011 agents
step 98 took 5.52 with 12944 agents
step 99 took 5.53 with 12984 agents
step 100 took 5.53 with 12971 agents
[1] FALSE
✓ 0014 

