Block start = 0 → sim_id = 0012 task = 12 
sim_id = 0012 - task = 12 - scenario = ac0.7_frag0.8_hab0.15 - rep = 1 - ac = 0.7 frag = 0.8 
step 1 took 3.14 with 6099 agents
step 2 took 3.98 with 7412 agents
step 3 took 4.6 with 8968 agents
step 4 took 6.09 with 10867 agents
step 5 took 8.4 with 13240 agents
step 6 took 10.57 with 16127 agents
step 7 took 14.03 with 19586 agents
step 8 took 19.45 with 23572 agents
step 9 took 27.11 with 27939 agents
step 10 took 36.68 with 32993 agents
step 11 took 46.16 with 38852 agents
step 12 took 1.05 with 45728 agents
step 13 took 1.48 with 53685 agents
step 14 took 2.01 with 62595 agents
step 15 took 2.54 with 72109 agents
step 16 took 3.18 with 79747 agents
step 17 took 3.78 with 85353 agents
step 18 took 4.11 with 88507 agents
step 19 took 4.33 with 90617 agents
step 20 took 4.45 with 91538 agents
step 21 took 4.48 with 92186 agents
step 22 took 4.55 with 92718 agents
step 23 took 4.57 with 93303 agents
step 24 took 4.58 with 93170 agents
step 25 took 4.6 with 93486 agents
step 26 took 4.65 with 93482 agents
step 27 took 4.71 with 93473 agents
step 28 took 4.61 with 93481 agents
step 29 took 4.66 with 93712 agents
step 30 took 4.61 with 93594 agents
step 31 took 3.73 with 93610 agents
step 32 took 3.73 with 93594 agents
step 33 took 3.64 with 93495 agents
step 34 took 3.71 with 93807 agents
step 35 took 3.66 with 93602 agents
step 36 took 3.77 with 93780 agents
step 37 took 3.81 with 93606 agents
step 38 took 3.75 with 93442 agents
step 39 took 3.67 with 93281 agents
step 40 took 3.66 with 94008 agents
[1] "FRAGMENTATION"
step 41 took 7.24 with 13263 agents
step 42 took 6.14 with 12559 agents
step 43 took 5.97 with 11934 agents
step 44 took 5.53 with 11425 agents
step 45 took 5.08 with 11017 agents
step 46 took 5.27 with 10572 agents
step 47 took 4.6 with 10239 agents
step 48 took 4.48 with 9863 agents
step 49 took 4.49 with 9540 agents
step 50 took 4.41 with 9188 agents
step 51 took 3.87 with 9008 agents
step 52 took 4.09 with 8653 agents
step 53 took 3.68 with 8467 agents
step 54 took 3.61 with 8322 agents
step 55 took 3.73 with 8108 agents
step 56 took 3.41 with 8046 agents
step 57 took 3.37 with 7964 agents
step 58 took 3.59 with 7815 agents
step 59 took 3.24 with 7718 agents
step 60 took 3.06 with 7451 agents
step 61 took 2.65 with 7371 agents
step 62 took 2.97 with 7271 agents
step 63 took 2.65 with 7169 agents
step 64 took 2.67 with 7053 agents
step 65 took 2.6 with 6927 agents
step 66 took 2.75 with 6916 agents
step 67 took 2.48 with 6777 agents
step 68 took 2.52 with 6681 agents
step 69 took 2.46 with 6603 agents
step 70 took 2.48 with 6465 agents
step 71 took 2.33 with 6405 agents
step 72 took 2.51 with 6424 agents
step 73 took 2.46 with 6343 agents
step 74 took 2.3 with 6301 agents
step 75 took 2.32 with 6290 agents
step 76 took 2.12 with 6226 agents
step 77 took 2.33 with 6210 agents
step 78 took 2.26 with 6198 agents
step 79 took 2.38 with 6128 agents
step 80 took 2.61 with 6103 agents
step 81 took 2.43 with 6105 agents
step 82 took 2.47 with 6069 agents
step 83 took 2.57 with 6015 agents
step 84 took 2.41 with 6006 agents
step 85 took 2.72 with 5866 agents
step 86 took 2.24 with 5869 agents
step 87 took 2.32 with 5944 agents
step 88 took 2.3 with 5811 agents
step 89 took 2.21 with 5732 agents
step 90 took 2.54 with 5694 agents
step 91 took 2.15 with 5607 agents
step 92 took 2.01 with 5538 agents
step 93 took 2.11 with 5578 agents
step 94 took 2.18 with 5612 agents
step 95 took 2.17 with 5555 agents
step 96 took 2.45 with 5509 agents
step 97 took 2.05 with 5513 agents
step 98 took 2.1 with 5438 agents
step 99 took 2.08 with 5478 agents
step 100 took 2.07 with 5471 agents
[1] FALSE
✓ 0012 

