Block start = 0 → sim_id = 0013 task = 13 
sim_id = 0013 - task = 13 - scenario = ac0.9_frag0.2_hab0.15 - rep = 1 - ac = 0.9 frag = 0.2 
step 1 took 3.08 with 6077 agents
step 2 took 4.12 with 7546 agents
step 3 took 4.87 with 9191 agents
step 4 took 6.68 with 11322 agents
step 5 took 8.5 with 13968 agents
step 6 took 11.37 with 17195 agents
step 7 took 16.29 with 21183 agents
step 8 took 23.8 with 26177 agents
step 9 took 35.34 with 32248 agents
step 10 took 48.71 with 39335 agents
step 11 took 1.15 with 47628 agents
step 12 took 1.63 with 56122 agents
step 13 took 2.18 with 64899 agents
step 14 took 2.68 with 73993 agents
step 15 took 3.39 with 81724 agents
step 16 took 3.91 with 86489 agents
step 17 took 4.19 with 88711 agents
step 18 took 4.32 with 89996 agents
step 19 took 4.38 with 90891 agents
step 20 took 4.47 with 91421 agents
step 21 took 4.52 with 91968 agents
step 22 took 4.5 with 92198 agents
step 23 took 4.53 with 92579 agents
step 24 took 4.51 with 92965 agents
step 25 took 4.59 with 92925 agents
step 26 took 4.64 with 93063 agents
step 27 took 4.58 with 93545 agents
step 28 took 4.61 with 93260 agents
step 29 took 4.66 with 93314 agents
step 30 took 4.66 with 93396 agents
step 31 took 4.65 with 93585 agents
step 32 took 4.66 with 93489 agents
step 33 took 4.66 with 93698 agents
step 34 took 3.75 with 93597 agents
step 35 took 3.64 with 93557 agents
step 36 took 3.58 with 93512 agents
step 37 took 3.56 with 93712 agents
step 38 took 3.58 with 93716 agents
step 39 took 3.4 with 93405 agents
step 40 took 3.44 with 93495 agents
[1] "FRAGMENTATION"
step 41 took 8.04 with 13949 agents
step 42 took 7.25 with 14089 agents
step 43 took 7.32 with 14014 agents
step 44 took 6.98 with 14032 agents
step 45 took 6.67 with 13945 agents
step 46 took 6.7 with 13905 agents
step 47 took 6.67 with 13917 agents
step 48 took 6.66 with 13901 agents
step 49 took 6.67 with 13909 agents
step 50 took 6.82 with 14000 agents
step 51 took 6.7 with 13995 agents
step 52 took 6.67 with 13958 agents
step 53 took 6.73 with 13884 agents
step 54 took 6.66 with 13995 agents
step 55 took 6.73 with 13921 agents
step 56 took 6.68 with 13920 agents
step 57 took 6.71 with 14011 agents
step 58 took 6.7 with 13917 agents
step 59 took 6.8 with 13848 agents
step 60 took 6.7 with 13983 agents
step 61 took 6.67 with 13891 agents
step 62 took 6.73 with 13902 agents
step 63 took 6.64 with 13906 agents
step 64 took 6.93 with 13980 agents
step 65 took 6.62 with 13956 agents
step 66 took 6.64 with 13952 agents
step 67 took 6.64 with 14005 agents
step 68 took 6.67 with 14062 agents
step 69 took 6.69 with 13935 agents
step 70 took 6.71 with 13924 agents
step 71 took 6.7 with 14001 agents
step 72 took 6.71 with 14004 agents
step 73 took 6.69 with 13890 agents
step 74 took 6.7 with 13928 agents
step 75 took 6.68 with 13991 agents
step 76 took 6.68 with 14020 agents
step 77 took 6.99 with 13922 agents
step 78 took 7.09 with 13967 agents
step 79 took 6.82 with 14018 agents
step 80 took 6.75 with 13987 agents
step 81 took 6.76 with 14054 agents
step 82 took 6.7 with 13952 agents
step 83 took 6.71 with 13949 agents
step 84 took 6.74 with 13943 agents
step 85 took 6.7 with 14070 agents
step 86 took 6.67 with 13905 agents
step 87 took 7.16 with 13906 agents
step 88 took 6.83 with 13960 agents
step 89 took 6.89 with 13989 agents
step 90 took 6.9 with 13856 agents
step 91 took 6.87 with 13926 agents
step 92 took 6.86 with 14002 agents
step 93 took 6.92 with 13949 agents
step 94 took 6.85 with 14014 agents
step 95 took 7 with 13910 agents
step 96 took 6.74 with 13913 agents
step 97 took 6.73 with 13935 agents
step 98 took 6.75 with 13982 agents
step 99 took 6.72 with 13980 agents
step 100 took 6.76 with 14080 agents
[1] FALSE
✓ 0013 

