here() starts at /scratch/thiej93/frag_model
Loading required package: sp

Attaching package: 'dplyr'

The following objects are masked from 'package:raster':

    intersect, select, union

The following objects are masked from 'package:data.table':

    between, first, last

The following objects are masked from 'package:stats':

    filter, lag

The following objects are masked from 'package:base':

    intersect, setdiff, setequal, union


Attaching package: 'tidyr'

The following object is masked from 'package:raster':

    extract

Loading required namespace: igraph
Warning message:
In rnorm(N * N) :
  '.Random.seed' is not an integer vector but of type 'NULL', so ignored
Warning message:
In file.rename(temp_file, log_file) :
  cannot rename file '/localscratch/tmp/thiej93/tmp.25403080.0/RtmpFPLANs/log_688cf12fdd4fd.csv' to '/scratch/thiej93/frag_model/output/simulations_log.csv', reason 'Invalid cross-device link'
