Block start = 0 → sim_id = 0005 task = 5 
sim_id = 0005 - task = 5 - scenario = ac0.3_frag0.5_hab0.15 - rep = 1 - ac = 0.3 frag = 0.5 
step 1 took 2.52 with 5238 agents
step 2 took 2.49 with 5522 agents
step 3 took 2.63 with 5943 agents
step 4 took 3.29 with 6354 agents
step 5 took 3.34 with 6842 agents
step 6 took 3.8 with 7354 agents
step 7 took 4.09 with 7974 agents
step 8 took 4.76 with 8715 agents
step 9 took 5.29 with 9553 agents
step 10 took 6.03 with 10569 agents
step 11 took 7 with 11655 agents
step 12 took 8.4 with 13111 agents
step 13 took 9.39 with 14710 agents
step 14 took 10.8 with 16557 agents
step 15 took 12.89 with 18672 agents
step 16 took 14.69 with 21007 agents
step 17 took 18.32 with 23620 agents
step 18 took 22.78 with 26702 agents
step 19 took 29.43 with 30269 agents
step 20 took 36.6 with 34512 agents
step 21 took 45.75 with 39291 agents
step 22 took 57.47 with 44570 agents
step 23 took 1.2 with 50109 agents
step 24 took 1.52 with 55960 agents
step 25 took 1.9 with 62037 agents
step 26 took 2.24 with 67386 agents
step 27 took 2.6 with 72076 agents
step 28 took 2.92 with 75698 agents
step 29 took 3.11 with 78671 agents
step 30 took 3.38 with 80613 agents
step 31 took 3.51 with 82141 agents
step 32 took 3.63 with 83305 agents
step 33 took 3.72 with 84165 agents
step 34 took 3.84 with 84539 agents
step 35 took 3.85 with 84726 agents
step 36 took 3.85 with 85359 agents
step 37 took 3.83 with 85457 agents
step 38 took 3.11 with 85737 agents
step 39 took 3.03 with 85982 agents
step 40 took 3.1 with 86191 agents
[1] "FRAGMENTATION"
step 41 took 7.05 with 12792 agents
step 42 took 6.96 with 12557 agents
step 43 took 6.93 with 12470 agents
step 44 took 6.93 with 12257 agents
step 45 took 6.47 with 12141 agents
step 46 took 6.51 with 12081 agents
step 47 took 6.7 with 12107 agents
step 48 took 6.77 with 12026 agents
step 49 took 6.26 with 12016 agents
step 50 took 6.2 with 12003 agents
step 51 took 6.4 with 11872 agents
step 52 took 6.62 with 11946 agents
step 53 took 6.31 with 11800 agents
step 54 took 6.43 with 11904 agents
step 55 took 6.48 with 11832 agents
step 56 took 6.27 with 11840 agents
step 57 took 6.41 with 11736 agents
step 58 took 6.37 with 11731 agents
step 59 took 6.26 with 11753 agents
step 60 took 6.32 with 11699 agents
step 61 took 6.3 with 11671 agents
step 62 took 6.32 with 11543 agents
step 63 took 5.84 with 11552 agents
step 64 took 6.14 with 11521 agents
step 65 took 6.29 with 11426 agents
step 66 took 5.69 with 11511 agents
step 67 took 6.13 with 11431 agents
step 68 took 6.17 with 11489 agents
step 69 took 5.81 with 11435 agents
step 70 took 6.17 with 11389 agents
step 71 took 6.13 with 11367 agents
step 72 took 5.88 with 11383 agents
step 73 took 6.15 with 11359 agents
step 74 took 6.08 with 11464 agents
step 75 took 5.93 with 11467 agents
step 76 took 6.11 with 11417 agents
step 77 took 6.12 with 11317 agents
step 78 took 5.8 with 11308 agents
step 79 took 6 with 11368 agents
step 80 took 6.01 with 11280 agents
step 81 took 5.64 with 11306 agents
step 82 took 6.14 with 11322 agents
step 83 took 6.01 with 11363 agents
step 84 took 5.79 with 11205 agents
step 85 took 6.03 with 11269 agents
step 86 took 6.08 with 11241 agents
step 87 took 5.9 with 11374 agents
step 88 took 6.15 with 11390 agents
step 89 took 5.99 with 11294 agents
step 90 took 5.65 with 11246 agents
step 91 took 6.01 with 11236 agents
step 92 took 5.71 with 11166 agents
step 93 took 5.78 with 11145 agents
step 94 took 5.79 with 11234 agents
step 95 took 5.55 with 11291 agents
step 96 took 5.82 with 11257 agents
step 97 took 5.9 with 11296 agents
step 98 took 5.7 with 11167 agents
step 99 took 5.83 with 11078 agents
step 100 took 5.64 with 11091 agents
[1] FALSE
✓ 0005 

