Block start = 0 → sim_id = 0010 task = 10 
sim_id = 0010 - task = 10 - scenario = ac0.7_frag0.2_hab0.15 - rep = 1 - ac = 0.7 frag = 0.2 
step 1 took 2.99 with 6142 agents
step 2 took 4.15 with 7566 agents
step 3 took 4.85 with 9255 agents
step 4 took 6.69 with 11366 agents
step 5 took 8.36 with 14136 agents
step 6 took 11.49 with 17301 agents
step 7 took 16.12 with 21315 agents
step 8 took 23.63 with 26384 agents
step 9 took 34.72 with 32152 agents
step 10 took 47.52 with 38719 agents
step 11 took 1.08 with 46553 agents
step 12 took 1.56 with 55389 agents
step 13 took 2.17 with 64727 agents
step 14 took 2.71 with 74450 agents
step 15 took 3.33 with 81619 agents
step 16 took 3.84 with 86479 agents
step 17 took 4.18 with 88916 agents
step 18 took 4.28 with 90096 agents
step 19 took 4.41 with 91250 agents
step 20 took 4.43 with 91843 agents
step 21 took 4.5 with 91992 agents
step 22 took 4.53 with 92819 agents
step 23 took 4.57 with 92943 agents
step 24 took 4.5 with 93519 agents
step 25 took 4.63 with 93300 agents
step 26 took 4.72 with 93419 agents
step 27 took 3.7 with 93475 agents
step 28 took 3.7 with 93944 agents
step 29 took 3.65 with 93382 agents
step 30 took 3.64 with 93452 agents
step 31 took 3.72 with 93360 agents
step 32 took 3.65 with 93451 agents
step 33 took 3.7 with 93690 agents
step 34 took 3.71 with 93668 agents
step 35 took 3.71 with 93470 agents
step 36 took 3.57 with 93723 agents
step 37 took 3.6 with 93647 agents
step 38 took 3.52 with 93880 agents
step 39 took 3.5 with 93428 agents
step 40 took 3.54 with 93387 agents
[1] "FRAGMENTATION"
step 41 took 7.46 with 13954 agents
step 42 took 7.22 with 13942 agents
step 43 took 7.02 with 14015 agents
step 44 took 7.14 with 13947 agents
step 45 took 7.09 with 13906 agents
step 46 took 7.47 with 13872 agents
step 47 took 7.22 with 13872 agents
step 48 took 7.43 with 13921 agents
step 49 took 7.07 with 13777 agents
step 50 took 7.31 with 13853 agents
step 51 took 7.25 with 13805 agents
step 52 took 7.27 with 13901 agents
step 53 took 7.02 with 13916 agents
step 54 took 6.74 with 13934 agents
step 55 took 6.66 with 13779 agents
step 56 took 6.73 with 13905 agents
step 57 took 6.58 with 13935 agents
step 58 took 7.05 with 13756 agents
step 59 took 6.47 with 13935 agents
step 60 took 6.94 with 13974 agents
step 61 took 7.51 with 13890 agents
step 62 took 7.6 with 13882 agents
step 63 took 7.16 with 13827 agents
step 64 took 7.15 with 13776 agents
step 65 took 7.2 with 13805 agents
step 66 took 7.27 with 13967 agents
step 67 took 7.28 with 13876 agents
step 68 took 7.17 with 13922 agents
step 69 took 7.13 with 13871 agents
step 70 took 7.13 with 13861 agents
step 71 took 7.15 with 13873 agents
step 72 took 7.08 with 13880 agents
step 73 took 7.1 with 13872 agents
step 74 took 7.15 with 13934 agents
step 75 took 7.21 with 13839 agents
step 76 took 7.2 with 14000 agents
step 77 took 7.11 with 13948 agents
step 78 took 7.14 with 14028 agents
step 79 took 7.18 with 13912 agents
step 80 took 7.17 with 14066 agents
step 81 took 7.1 with 14015 agents
step 82 took 7.03 with 13982 agents
step 83 took 7.03 with 13975 agents
step 84 took 7.01 with 13845 agents
step 85 took 7.07 with 13885 agents
step 86 took 7 with 13968 agents
step 87 took 7 with 13952 agents
step 88 took 7.04 with 13966 agents
step 89 took 7.05 with 13947 agents
step 90 took 7.05 with 13920 agents
step 91 took 6.96 with 13875 agents
step 92 took 6.98 with 13883 agents
step 93 took 7.03 with 13961 agents
step 94 took 7.03 with 13957 agents
step 95 took 7.01 with 13953 agents
step 96 took 7.07 with 13906 agents
step 97 took 7.32 with 13908 agents
step 98 took 7.29 with 13813 agents
step 99 took 7.15 with 13875 agents
step 100 took 7.12 with 13876 agents
[1] FALSE
✓ 0010 

