Block start = 0 → sim_id = 0007 task = 7 
sim_id = 0007 - task = 7 - scenario = ac0.5_frag0.2_hab0.15 - rep = 1 - ac = 0.5 frag = 0.2 
step 1 took 2.75 with 5816 agents
step 2 took 3.19 with 6853 agents
step 3 took 4.06 with 7992 agents
step 4 took 5.11 with 9479 agents
step 5 took 6.53 with 11209 agents
step 6 took 7.67 with 13225 agents
step 7 took 9.88 with 15733 agents
step 8 took 13.16 with 18680 agents
step 9 took 17.21 with 22228 agents
step 10 took 22.68 with 26396 agents
step 11 took 29.45 with 31445 agents
step 12 took 39.85 with 36893 agents
step 13 took 55.32 with 43279 agents
step 14 took 1.22 with 50572 agents
step 15 took 1.62 with 58712 agents
step 16 took 2.17 with 66504 agents
step 17 took 2.73 with 74059 agents
step 18 took 3.19 with 79806 agents
step 19 took 3.63 with 83980 agents
step 20 took 3.93 with 87204 agents
step 21 took 3.36 with 89627 agents
step 22 took 3.5 with 90739 agents
step 23 took 3.58 with 91626 agents
step 24 took 3.63 with 92307 agents
step 25 took 3.63 with 92432 agents
step 26 took 3.65 with 92618 agents
step 27 took 3.64 with 92853 agents
step 28 took 3.64 with 93009 agents
step 29 took 3.64 with 92906 agents
step 30 took 3.64 with 92988 agents
step 31 took 3.68 with 93273 agents
step 32 took 3.62 with 93191 agents
step 33 took 3.62 with 93150 agents
step 34 took 3.62 with 93111 agents
step 35 took 3.56 with 93043 agents
step 36 took 3.56 with 93154 agents
step 37 took 3.55 with 93293 agents
step 38 took 3.55 with 93174 agents
step 39 took 3.5 with 93341 agents
step 40 took 3.28 with 93154 agents
[1] "FRAGMENTATION"
step 41 took 7.41 with 13763 agents
step 42 took 7.3 with 13793 agents
step 43 took 7.21 with 13704 agents
step 44 took 7.25 with 13722 agents
step 45 took 7.23 with 13777 agents
step 46 took 7.41 with 13775 agents
step 47 took 7.21 with 13747 agents
step 48 took 7.53 with 13764 agents
step 49 took 7.14 with 13683 agents
step 50 took 7.06 with 13628 agents
step 51 took 7.17 with 13657 agents
step 52 took 7.15 with 13733 agents
step 53 took 6.72 with 13782 agents
step 54 took 6.41 with 13759 agents
step 55 took 7.11 with 13760 agents
step 56 took 7.27 with 13620 agents
step 57 took 7.49 with 13686 agents
step 58 took 7.32 with 13730 agents
step 59 took 7.65 with 13745 agents
step 60 took 7.46 with 13676 agents
step 61 took 7.49 with 13768 agents
step 62 took 7.5 with 13727 agents
step 63 took 7.56 with 13734 agents
step 64 took 7.57 with 13716 agents
step 65 took 7.52 with 13634 agents
step 66 took 7.61 with 13548 agents
step 67 took 7.53 with 13656 agents
step 68 took 7.55 with 13731 agents
step 69 took 7.52 with 13676 agents
step 70 took 7.55 with 13722 agents
step 71 took 7.46 with 13782 agents
step 72 took 7.58 with 13761 agents
step 73 took 7.64 with 13710 agents
step 74 took 7.71 with 13595 agents
step 75 took 7.46 with 13741 agents
step 76 took 7.66 with 13694 agents
step 77 took 7.32 with 13621 agents
step 78 took 7.56 with 13665 agents
step 79 took 7.55 with 13719 agents
step 80 took 7.55 with 13639 agents
step 81 took 7.74 with 13735 agents
step 82 took 7.56 with 13668 agents
step 83 took 7.55 with 13647 agents
step 84 took 7.42 with 13587 agents
step 85 took 7.67 with 13668 agents
step 86 took 7.77 with 13735 agents
step 87 took 7.6 with 13759 agents
step 88 took 7.79 with 13743 agents
step 89 took 7.42 with 13589 agents
step 90 took 7.44 with 13690 agents
step 91 took 7.77 with 13603 agents
step 92 took 7.7 with 13737 agents
step 93 took 7.74 with 13723 agents
step 94 took 7.86 with 13732 agents
step 95 took 7.65 with 13718 agents
step 96 took 7.86 with 13641 agents
step 97 took 7.75 with 13755 agents
step 98 took 7.77 with 13661 agents
step 99 took 7.73 with 13687 agents
step 100 took 7.72 with 13800 agents
[1] FALSE
✓ 0007 

