Block start = 0 → sim_id = 0008 task = 8 
sim_id = 0008 - task = 8 - scenario = ac0.5_frag0.5_hab0.15 - rep = 1 - ac = 0.5 frag = 0.5 
step 1 took 2.7 with 5649 agents
step 2 took 2.99 with 6489 agents
step 3 took 3.74 with 7376 agents
step 4 took 4.57 with 8404 agents
step 5 took 5.15 with 9611 agents
step 6 took 6.77 with 10948 agents
step 7 took 7.58 with 12643 agents
step 8 took 9.38 with 14510 agents
step 9 took 11.09 with 16698 agents
step 10 took 14.04 with 19359 agents
step 11 took 17.3 with 22469 agents
step 12 took 21.43 with 25950 agents
step 13 took 27.55 with 30054 agents
step 14 took 37.43 with 34861 agents
step 15 took 48.96 with 40482 agents
step 16 took 1.07 with 46992 agents
step 17 took 1.39 with 54300 agents
step 18 took 1.89 with 62068 agents
step 19 took 2.41 with 69712 agents
step 20 took 2.94 with 76138 agents
step 21 took 2.74 with 81197 agents
step 22 took 2.98 with 84939 agents
step 23 took 3.21 with 87908 agents
step 24 took 3.39 with 89720 agents
step 25 took 3.49 with 90766 agents
step 26 took 3.62 with 91559 agents
step 27 took 3.59 with 92072 agents
step 28 took 3.62 with 92231 agents
step 29 took 3.66 with 92323 agents
step 30 took 3.71 with 92454 agents
step 31 took 3.65 with 92659 agents
step 32 took 3.7 with 92660 agents
step 33 took 3.58 with 92751 agents
step 34 took 3.69 with 92932 agents
step 35 took 3.62 with 92840 agents
step 36 took 3.61 with 93173 agents
step 37 took 3.57 with 93208 agents
step 38 took 3.58 with 92961 agents
step 39 took 3.5 with 92736 agents
step 40 took 3.51 with 92963 agents
[1] "FRAGMENTATION"
step 41 took 7.66 with 13691 agents
step 42 took 7.44 with 13694 agents
step 43 took 7.37 with 13545 agents
step 44 took 7.42 with 13496 agents
step 45 took 7.24 with 13498 agents
step 46 took 7.36 with 13434 agents
step 47 took 7.24 with 13365 agents
step 48 took 7.07 with 13346 agents
step 49 took 7.24 with 13283 agents
step 50 took 7.23 with 13249 agents
step 51 took 7.19 with 13193 agents
step 52 took 7.16 with 13315 agents
step 53 took 6.71 with 13208 agents
step 54 took 6.97 with 13145 agents
step 55 took 6.88 with 13110 agents
step 56 took 6.84 with 12983 agents
step 57 took 6.7 with 13065 agents
step 58 took 6.92 with 12985 agents
step 59 took 6.79 with 13028 agents
step 60 took 6.79 with 13015 agents
step 61 took 6.83 with 13031 agents
step 62 took 6.91 with 13021 agents
step 63 took 6.52 with 13013 agents
step 64 took 6.88 with 13138 agents
step 65 took 6.7 with 13002 agents
step 66 took 6.64 with 13002 agents
step 67 took 6.65 with 13031 agents
step 68 took 6.61 with 12963 agents
step 69 took 6.77 with 13066 agents
step 70 took 6.77 with 13085 agents
step 71 took 6.48 with 13130 agents
step 72 took 6.73 with 13114 agents
step 73 took 6.62 with 12987 agents
step 74 took 6.56 with 13027 agents
step 75 took 6.63 with 13067 agents
step 76 took 6.58 with 13066 agents
step 77 took 6.68 with 12936 agents
step 78 took 6.64 with 13082 agents
step 79 took 6.3 with 13096 agents
step 80 took 6.47 with 13009 agents
step 81 took 6.26 with 12985 agents
step 82 took 6.47 with 12947 agents
step 83 took 6.34 with 13012 agents
step 84 took 6.44 with 13018 agents
step 85 took 6.42 with 12958 agents
step 86 took 6.54 with 12957 agents
step 87 took 6.07 with 12976 agents
step 88 took 6.29 with 12880 agents
step 89 took 6.45 with 12883 agents
step 90 took 6.34 with 12986 agents
step 91 took 6.27 with 12900 agents
step 92 took 6.5 with 13007 agents
step 93 took 6.4 with 12947 agents
step 94 took 6.05 with 12877 agents
step 95 took 6.39 with 12861 agents
step 96 took 6.33 with 12851 agents
step 97 took 6.24 with 12942 agents
step 98 took 6.27 with 12989 agents
step 99 took 6.39 with 12874 agents
step 100 took 6.34 with 12961 agents
[1] FALSE
✓ 0008 

