Block start = 0 → sim_id = 0002 task = 2 
sim_id = 0002 - task = 2 - scenario = ac0.1_frag0.5_hab0.15 - rep = 1 - ac = 0.1 frag = 0.5 
step 1 took 2.23 with 4687 agents
step 2 took 1.94 with 4820 agents
step 3 took 2.04 with 4989 agents
step 4 took 2.49 with 5353 agents
step 5 took 2.26 with 5664 agents
step 6 took 2.52 with 5971 agents
step 7 took 2.9 with 6396 agents
step 8 took 2.9 with 6971 agents
step 9 took 3.52 with 7535 agents
step 10 took 3.58 with 8306 agents
step 11 took 4.28 with 9124 agents
step 12 took 4.91 with 10128 agents
step 13 took 5.69 with 11315 agents
step 14 took 6.63 with 12704 agents
step 15 took 7.77 with 14215 agents
step 16 took 8.71 with 15963 agents
step 17 took 9.95 with 18000 agents
step 18 took 11.98 with 20474 agents
step 19 took 14.95 with 23340 agents
step 20 took 18.9 with 26676 agents
step 21 took 22.72 with 30519 agents
step 22 took 30.41 with 35047 agents
step 23 took 40.31 with 40265 agents
step 24 took 51.9 with 45481 agents
step 25 took 1.08 with 51105 agents
step 26 took 1.34 with 57032 agents
step 27 took 1.62 with 62486 agents
step 28 took 1.88 with 67066 agents
step 29 took 2.1 with 70968 agents
step 30 took 2.23 with 73969 agents
step 31 took 2.44 with 76286 agents
step 32 took 2.45 with 78036 agents
step 33 took 2.49 with 79211 agents
step 34 took 2.6 with 79779 agents
step 35 took 2.47 with 80541 agents
step 36 took 2.54 with 81034 agents
step 37 took 2.74 with 81317 agents
step 38 took 2.78 with 81688 agents
step 39 took 2.76 with 81773 agents
step 40 took 2.83 with 82095 agents
[1] "FRAGMENTATION"
step 41 took 5.73 with 11862 agents
step 42 took 5.54 with 11745 agents
step 43 took 5.46 with 11483 agents
step 44 took 5.4 with 11328 agents
step 45 took 5.3 with 11227 agents
step 46 took 5.22 with 11130 agents
step 47 took 5.19 with 11073 agents
step 48 took 5.13 with 10910 agents
step 49 took 5.1 with 10797 agents
step 50 took 5.08 with 10761 agents
step 51 took 4.79 with 10684 agents
step 52 took 4.89 with 10668 agents
step 53 took 4.85 with 10566 agents
step 54 took 4.87 with 10488 agents
step 55 took 4.84 with 10445 agents
step 56 took 4.62 with 10439 agents
step 57 took 4.74 with 10427 agents
step 58 took 4.76 with 10339 agents
step 59 took 4.74 with 10314 agents
step 60 took 4.77 with 10291 agents
step 61 took 4.51 with 10185 agents
step 62 took 4.65 with 10229 agents
step 63 took 4.71 with 10323 agents
step 64 took 4.74 with 10251 agents
step 65 took 4.49 with 10198 agents
step 66 took 4.65 with 10238 agents
step 67 took 4.66 with 10146 agents
step 68 took 4.63 with 10169 agents
step 69 took 4.69 with 10153 agents
step 70 took 4.41 with 10016 agents
step 71 took 4.59 with 10013 agents
step 72 took 4.57 with 10077 agents
step 73 took 4.65 with 10083 agents
step 74 took 4.39 with 10098 agents
step 75 took 4.58 with 10137 agents
step 76 took 4.6 with 10093 agents
step 77 took 4.57 with 10074 agents
step 78 took 4.34 with 10130 agents
step 79 took 4.45 with 10050 agents
step 80 took 4.49 with 10022 agents
step 81 took 4.51 with 10130 agents
step 82 took 4.32 with 10175 agents
step 83 took 4.48 with 10032 agents
step 84 took 4.5 with 10028 agents
step 85 took 4.47 with 9977 agents
step 86 took 4.26 with 9993 agents
step 87 took 4.38 with 10039 agents
step 88 took 4.43 with 10005 agents
step 89 took 4.48 with 10072 agents
step 90 took 4.26 with 10097 agents
step 91 took 4.49 with 10021 agents
step 92 took 4.51 with 10076 agents
step 93 took 4.53 with 10194 agents
step 94 took 4.29 with 10122 agents
step 95 took 4.46 with 10207 agents
step 96 took 4.52 with 10199 agents
step 97 took 4.58 with 10186 agents
step 98 took 4.37 with 10278 agents
step 99 took 4.47 with 10172 agents
step 100 took 4.51 with 10221 agents
[1] FALSE
✓ 0002 

