Block start = 0 → sim_id = 0015 task = 15 
sim_id = 0015 - task = 15 - scenario = ac0.9_frag0.8_hab0.15 - rep = 1 - ac = 0.9 frag = 0.8 
step 1 took 2.55 with 6237 agents
step 2 took 3.39 with 7820 agents
step 3 took 4.43 with 9666 agents
step 4 took 5.9 with 11974 agents
step 5 took 7.68 with 14765 agents
step 6 took 10.17 with 18249 agents
step 7 took 14.61 with 22606 agents
step 8 took 21.45 with 27927 agents
step 9 took 30.61 with 34553 agents
step 10 took 43.19 with 42040 agents
step 11 took 1.07 with 50858 agents
step 12 took 1.48 with 60200 agents
step 13 took 2.02 with 69676 agents
step 14 took 2.56 with 78067 agents
step 15 took 3.09 with 83973 agents
step 16 took 3.38 with 87941 agents
step 17 took 3.64 with 89993 agents
step 18 took 3.66 with 91272 agents
step 19 took 3.71 with 92143 agents
step 20 took 3.72 with 92577 agents
step 21 took 3.04 with 93202 agents
step 22 took 3.08 with 93458 agents
step 23 took 3.09 with 93473 agents
step 24 took 3.1 with 93573 agents
step 25 took 3.09 with 93713 agents
step 26 took 3.11 with 93729 agents
step 27 took 3.09 with 93548 agents
step 28 took 3.14 with 93814 agents
step 29 took 3.04 with 93873 agents
step 30 took 3.03 with 93706 agents
step 31 took 3.08 with 93631 agents
step 32 took 3.14 with 93731 agents
step 33 took 3.14 with 93737 agents
step 34 took 3.13 with 93704 agents
step 35 took 2.97 with 93685 agents
step 36 took 2.93 with 93516 agents
step 37 took 3.05 with 93397 agents
step 38 took 3.01 with 93473 agents
step 39 took 3.08 with 93785 agents
step 40 took 3.1 with 93531 agents
[1] "FRAGMENTATION"
step 41 took 6.19 with 13286 agents
step 42 took 5.3 with 12599 agents
step 43 took 5.08 with 12113 agents
step 44 took 5.04 with 11620 agents
step 45 took 4.93 with 11228 agents
step 46 took 4.35 with 10798 agents
step 47 took 4.36 with 10452 agents
step 48 took 3.9 with 10167 agents
step 49 took 3.96 with 9863 agents
step 50 took 3.6 with 9621 agents
step 51 took 3.72 with 9355 agents
step 52 took 3.3 with 9152 agents
step 53 took 3.28 with 9008 agents
step 54 took 3.41 with 8757 agents
step 55 took 3.11 with 8506 agents
step 56 took 3.06 with 8338 agents
step 57 took 3.22 with 8187 agents
step 58 took 2.89 with 8050 agents
step 59 took 2.91 with 7983 agents
step 60 took 2.99 with 7884 agents
step 61 took 2.78 with 7805 agents
step 62 took 2.76 with 7691 agents
step 63 took 2.88 with 7552 agents
step 64 took 2.59 with 7530 agents
step 65 took 2.65 with 7440 agents
step 66 took 2.89 with 7443 agents
step 67 took 2.57 with 7378 agents
step 68 took 2.59 with 7369 agents
step 69 took 2.6 with 7335 agents
step 70 took 2.75 with 7243 agents
step 71 took 2.41 with 7076 agents
step 72 took 2.37 with 7000 agents
step 73 took 2.39 with 7035 agents
step 74 took 2.62 with 7026 agents
step 75 took 2.38 with 6905 agents
step 76 took 2.39 with 6878 agents
step 77 took 2.4 with 6803 agents
step 78 took 2.55 with 6776 agents
step 79 took 2.28 with 6752 agents
step 80 took 2.28 with 6651 agents
step 81 took 2.26 with 6678 agents
step 82 took 2.51 with 6650 agents
step 83 took 2.23 with 6616 agents
step 84 took 2.26 with 6570 agents
step 85 took 2.26 with 6465 agents
step 86 took 2.22 with 6520 agents
step 87 took 2.43 with 6472 agents
step 88 took 2.17 with 6414 agents
step 89 took 2.15 with 6384 agents
step 90 took 2.1 with 6281 agents
step 91 took 2.28 with 6243 agents
step 92 took 1.99 with 6209 agents
step 93 took 2.05 with 6227 agents
step 94 took 2.01 with 6199 agents
step 95 took 2.06 with 6208 agents
step 96 took 2.33 with 6211 agents
step 97 took 2.06 with 6228 agents
step 98 took 2.16 with 6215 agents
step 99 took 2.1 with 6104 agents
step 100 took 2.09 with 6044 agents
[1] FALSE
✓ 0015 

