Block start = 0 → sim_id = 0009 task = 9 
sim_id = 0009 - task = 9 - scenario = ac0.5_frag0.8_hab0.15 - rep = 1 - ac = 0.5 frag = 0.8 
step 1 took 2.84 with 5938 agents
step 2 took 3.29 with 7007 agents
step 3 took 4.46 with 8402 agents
step 4 took 5.51 with 10078 agents
step 5 took 7.7 with 12026 agents
step 6 took 9.4 with 14460 agents
step 7 took 11.57 with 17195 agents
step 8 took 15.43 with 20586 agents
step 9 took 20.58 with 24546 agents
step 10 took 26.08 with 29147 agents
step 11 took 35.01 with 34717 agents
step 12 took 49.91 with 41081 agents
step 13 took 1.14 with 48446 agents
step 14 took 1.52 with 56683 agents
step 15 took 2.08 with 65414 agents
step 16 took 2.69 with 73740 agents
step 17 took 3.3 with 81038 agents
step 18 took 3.84 with 85747 agents
step 19 took 4.14 with 88898 agents
step 20 took 4.43 with 91157 agents
step 21 took 3.66 with 92141 agents
step 22 took 3.74 with 92617 agents
step 23 took 3.7 with 93229 agents
step 24 took 3.77 with 93355 agents
step 25 took 3.7 with 93425 agents
step 26 took 3.7 with 93735 agents
step 27 took 3.72 with 93352 agents
step 28 took 3.66 with 93539 agents
step 29 took 3.72 with 93530 agents
step 30 took 3.77 with 93692 agents
step 31 took 3.72 with 93390 agents
step 32 took 3.61 with 93456 agents
step 33 took 3.62 with 93280 agents
step 34 took 3.58 with 93553 agents
step 35 took 3.53 with 93597 agents
step 36 took 3.41 with 93662 agents
step 37 took 3.35 with 93451 agents
step 38 took 3.3 with 93511 agents
step 39 took 3.34 with 93493 agents
step 40 took 3.56 with 93337 agents
[1] "FRAGMENTATION"
step 41 took 6.79 with 13101 agents
step 42 took 6.33 with 12387 agents
step 43 took 5.9 with 11973 agents
step 44 took 5.39 with 11492 agents
step 45 took 5.31 with 11026 agents
step 46 took 4.91 with 10676 agents
step 47 took 5.04 with 10299 agents
step 48 took 4.63 with 9922 agents
step 49 took 4.57 with 9698 agents
step 50 took 4.11 with 9397 agents
step 51 took 4.2 with 8980 agents
step 52 took 3.67 with 8790 agents
step 53 took 3.58 with 8511 agents
step 54 took 3.74 with 8260 agents
step 55 took 3.25 with 7986 agents
step 56 took 3.22 with 7802 agents
step 57 took 3.5 with 7666 agents
step 58 took 3.07 with 7614 agents
step 59 took 3.12 with 7493 agents
step 60 took 3.37 with 7343 agents
step 61 took 2.91 with 7197 agents
step 62 took 2.94 with 7143 agents
step 63 took 2.96 with 6945 agents
step 64 took 2.98 with 6788 agents
step 65 took 2.73 with 6688 agents
step 66 took 2.71 with 6566 agents
step 67 took 2.55 with 6490 agents
step 68 took 2.9 with 6343 agents
step 69 took 2.39 with 6354 agents
step 70 took 2.55 with 6244 agents
step 71 took 2.53 with 6224 agents
step 72 took 2.39 with 6239 agents
step 73 took 2.71 with 6119 agents
step 74 took 2.35 with 6038 agents
step 75 took 2.41 with 5979 agents
step 76 took 2.35 with 5967 agents
step 77 took 2.29 with 5901 agents
step 78 took 2.38 with 5865 agents
step 79 took 2.46 with 5859 agents
step 80 took 2.35 with 5822 agents
step 81 took 2.09 with 5806 agents
step 82 took 2.38 with 5779 agents
step 83 took 2.19 with 5718 agents
step 84 took 2.56 with 5700 agents
step 85 took 2.1 with 5783 agents
step 86 took 2.17 with 5742 agents
step 87 took 2.01 with 5698 agents
step 88 took 2.13 with 5659 agents
step 89 took 1.92 with 5547 agents
step 90 took 2.27 with 5570 agents
step 91 took 1.91 with 5547 agents
step 92 took 1.89 with 5544 agents
step 93 took 1.9 with 5447 agents
step 94 took 1.94 with 5410 agents
step 95 took 1.78 with 5391 agents
step 96 took 2.17 with 5457 agents
step 97 took 1.95 with 5456 agents
step 98 took 1.86 with 5424 agents
step 99 took 2 with 5433 agents
step 100 took 1.86 with 5401 agents
[1] FALSE
✓ 0009 

